EXIT:0\n